Archive member included to satisfy reference by file (symbol)

/usr/lib/arm-none-eabi/lib/libc.a(lib_a-memcpy-stub.o)
                              /home/pi/RaspberryPi-FreeRTOS-new/build/FreeRTOS/Source/queue.o (memcpy)
/usr/lib/arm-none-eabi/lib/libc.a(lib_a-memset.o)
                              /home/pi/RaspberryPi-FreeRTOS-new/build/FreeRTOS/Source/tasks.o (memset)

Memory Configuration

Name             Origin             Length             Attributes
RESERVED         0x00000000         0x00008000         r
INIT_RAM         0x00008000         0x00008000         xrw
RAM              0x00010000         0x08000000         xrw
*default*        0x00000000         0xffffffff

Linker script and memory map

LOAD /home/pi/RaspberryPi-FreeRTOS-new/build/FreeRTOS/Source/portable/GCC/RaspberryPi/port.o
LOAD /home/pi/RaspberryPi-FreeRTOS-new/build/FreeRTOS/Source/portable/GCC/RaspberryPi/portisr.o
LOAD /home/pi/RaspberryPi-FreeRTOS-new/build/FreeRTOS/Source/croutine.o
LOAD /home/pi/RaspberryPi-FreeRTOS-new/build/FreeRTOS/Source/list.o
LOAD /home/pi/RaspberryPi-FreeRTOS-new/build/FreeRTOS/Source/queue.o
LOAD /home/pi/RaspberryPi-FreeRTOS-new/build/FreeRTOS/Source/tasks.o
LOAD /home/pi/RaspberryPi-FreeRTOS-new/build/Demo/Drivers/irq.o
LOAD /home/pi/RaspberryPi-FreeRTOS-new/build/Demo/Drivers/gpio.o
LOAD /home/pi/RaspberryPi-FreeRTOS-new/build//FreeRTOS/Source/portable/MemMang/heap_4.o
LOAD /home/pi/RaspberryPi-FreeRTOS-new/build/Demo/startup.o
LOAD /home/pi/RaspberryPi-FreeRTOS-new/build/Demo/main.o

.init           0x00008000       0xa4
 *(.init)
 .init          0x00008000       0xa4 /home/pi/RaspberryPi-FreeRTOS-new/build/Demo/startup.o
                0x00008000                _start

.module_entries
                0x000080a4        0x0
                0x000080a4                __module_entries_start = .
 *(.module_entries)
 *(.module_entries.*)
                0x000080a4                __module_entries_end = .
                0x00000000                __module_entries_size = SIZEOF (.module_entries)

.text           0x00010000     0x6610
 *(.text)
 .text          0x00010000      0x334 /home/pi/RaspberryPi-FreeRTOS-new/build/FreeRTOS/Source/portable/GCC/RaspberryPi/port.o
                0x00010000                pxPortInitialiseStack
                0x00010240                xPortStartScheduler
                0x0001025c                vPortEndScheduler
                0x00010274                vTickISR
 .text          0x00010334      0x2ac /home/pi/RaspberryPi-FreeRTOS-new/build/FreeRTOS/Source/portable/GCC/RaspberryPi/portisr.o
                0x00010334                vPortISRStartFirstTask
                0x000103cc                vPortYieldProcessor
                0x00010480                vFreeRTOS_ISR
                0x00010530                vPortEnterCritical
                0x00010574                vPortExitCritical
 .text          0x000105e0        0x0 /home/pi/RaspberryPi-FreeRTOS-new/build/FreeRTOS/Source/croutine.o
 .text          0x000105e0      0x294 /home/pi/RaspberryPi-FreeRTOS-new/build/FreeRTOS/Source/list.o
                0x000105e0                vListInitialise
                0x00010648                vListInitialiseItem
                0x00010674                vListInsertEnd
                0x000106fc                vListInsert
                0x000107d4                uxListRemove
 .text          0x00010874     0x12c4 /home/pi/RaspberryPi-FreeRTOS-new/build/FreeRTOS/Source/queue.o
                0x00010874                xQueueGenericReset
                0x00010a00                xQueueGenericCreate
                0x00010b64                xQueueGenericSend
                0x00010d3c                xQueueGenericSendFromISR
                0x00010e44                xQueueGiveFromISR
                0x00010f34                xQueueReceive
                0x00011104                xQueueSemaphoreTake
                0x000112c4                xQueuePeek
                0x0001149c                xQueueReceiveFromISR
                0x00011594                xQueuePeekFromISR
                0x00011610                uxQueueMessagesWaiting
                0x00011644                uxQueueSpacesAvailable
                0x0001168c                uxQueueMessagesWaitingFromISR
                0x000116c4                vQueueDelete
                0x00011a3c                xQueueIsQueueEmptyFromISR
                0x00011ae0                xQueueIsQueueFullFromISR
 .text          0x00011b38     0x354c /home/pi/RaspberryPi-FreeRTOS-new/build/FreeRTOS/Source/tasks.o
                0x00011b38                xTaskCreate
                0x00011fdc                vTaskDelete
                0x00012104                xTaskDelayUntil
                0x00012210                vTaskDelay
                0x00012268                uxTaskPriorityGet
                0x000122c0                uxTaskPriorityGetFromISR
                0x0001231c                vTaskPrioritySet
                0x00012590                vTaskSuspend
                0x00012774                vTaskResume
                0x00012910                xTaskResumeFromISR
                0x00012adc                vTaskStartScheduler
                0x00012b88                vTaskEndScheduler
                0x00012bc0                vTaskSuspendAll
                0x00012bf0                xTaskResumeAll
                0x00012f40                xTaskGetTickCount
                0x00012f74                xTaskGetTickCountFromISR
                0x00012fac                uxTaskGetNumberOfTasks
                0x00012fd0                pcTaskGetName
                0x0001301c                xTaskCatchUpTicks
                0x00013064                xTaskIncrementTick
                0x0001343c                vTaskSetApplicationTaskTag
                0x00013498                xTaskGetApplicationTaskTag
                0x000134f0                xTaskGetApplicationTaskTagFromISR
                0x0001354c                xTaskCallApplicationTaskHook
                0x000135c8                vTaskSwitchContext
                0x000136e8                vTaskPlaceOnEventList
                0x00013730                vTaskPlaceOnUnorderedEventList
                0x000137f8                xTaskRemoveFromEventList
                0x00013af8                vTaskRemoveFromUnorderedEventList
                0x00013d64                vTaskSetTimeOutState
                0x00013db0                vTaskInternalSetTimeOutState
                0x00013df8                xTaskCheckForTimeOut
                0x00013f00                vTaskMissedYield
                0x00014138                uxTaskResetEventItemValue
                0x00014188                ulTaskGenericNotifyTake
                0x0001429c                xTaskGenericNotifyWait
                0x0001440c                xTaskGenericNotify
                0x0001471c                xTaskGenericNotifyFromISR
                0x00014adc                vTaskGenericNotifyGiveFromISR
                0x00014dc8                xTaskGenericNotifyStateClear
                0x00014e64                ulTaskGenericNotifyValueClear
 .text          0x00015084      0x3a0 /home/pi/RaspberryPi-FreeRTOS-new/build/Demo/Drivers/irq.o
                0x00015134                irqHandler
                0x000151d4                irqUnblock
                0x000151f0                irqBlock
                0x0001520c                irqRegister
                0x00015270                irqEnable
                0x00015344                irqDisable
 .text          0x00015424      0x658 /home/pi/RaspberryPi-FreeRTOS-new/build/Demo/Drivers/gpio.o
                0x00015424                SetGpioFunction
                0x00015500                SetGpioDirection
                0x00015534                SetGpio
                0x000155ec                ReadGpio
                0x0001563c                EnableGpioDetect
                0x000157ec                DisableGpioDetect
                0x000159a4                EventDetected
                0x00015a24                ClearGpioInterrupt
 .text          0x00015a7c      0x7ac /home/pi/RaspberryPi-FreeRTOS-new/build//FreeRTOS/Source/portable/MemMang/heap_4.o
                0x00015a7c                pvPortMalloc
                0x00015cf8                vPortFree
                0x00015ddc                xPortGetFreeHeapSize
                0x00015e00                xPortGetMinimumEverFreeHeapSize
                0x00015e24                vPortInitialiseBlocks
                0x000160e4                vPortGetHeapStats
 .text          0x00016228       0x18 /home/pi/RaspberryPi-FreeRTOS-new/build/Demo/startup.o
 .text          0x00016240      0x1ac /home/pi/RaspberryPi-FreeRTOS-new/build/Demo/main.o
                0x00016240                task1
                0x00016290                task2
                0x000162d4                button_handler
                0x00016338                main
 .text          0x000163ec      0x110 /usr/lib/arm-none-eabi/lib/libc.a(lib_a-memcpy-stub.o)
                0x000163ec                memcpy
 .text          0x000164fc      0x114 /usr/lib/arm-none-eabi/lib/libc.a(lib_a-memset.o)
                0x000164fc                memset

.rodata         0x00016610       0x26
 .rodata        0x00016610        0x4 /home/pi/RaspberryPi-FreeRTOS-new/build/FreeRTOS/Source/portable/GCC/RaspberryPi/port.o
 .rodata        0x00016614        0x5 /home/pi/RaspberryPi-FreeRTOS-new/build/FreeRTOS/Source/tasks.o
 *fill*         0x00016619        0x3 
 .rodata        0x0001661c        0x4 /home/pi/RaspberryPi-FreeRTOS-new/build/Demo/Drivers/irq.o
 .rodata        0x00016620        0x4 /home/pi/RaspberryPi-FreeRTOS-new/build/Demo/Drivers/gpio.o
                0x00016620                pRegs
 .rodata        0x00016624        0x4 /home/pi/RaspberryPi-FreeRTOS-new/build//FreeRTOS/Source/portable/MemMang/heap_4.o
 .rodata        0x00016628        0xe /home/pi/RaspberryPi-FreeRTOS-new/build/Demo/main.o

.glue_7         0x00016638        0x0
 .glue_7        0x00016638        0x0 linker stubs

.glue_7t        0x00016638        0x0
 .glue_7t       0x00016638        0x0 linker stubs

.vfp11_veneer   0x00016638        0x0
 .vfp11_veneer  0x00016638        0x0 linker stubs

.v4_bx          0x00016638        0x0
 .v4_bx         0x00016638        0x0 linker stubs

.iplt           0x00016638        0x0
 .iplt          0x00016638        0x0 /home/pi/RaspberryPi-FreeRTOS-new/build/FreeRTOS/Source/portable/GCC/RaspberryPi/port.o

.rel.dyn        0x00016638        0x0
 .rel.iplt      0x00016638        0x0 /home/pi/RaspberryPi-FreeRTOS-new/build/FreeRTOS/Source/portable/GCC/RaspberryPi/port.o

.data           0x00016638        0xc
 *(.data)
 .data          0x00016638        0x0 /home/pi/RaspberryPi-FreeRTOS-new/build/FreeRTOS/Source/portable/GCC/RaspberryPi/port.o
 .data          0x00016638        0x4 /home/pi/RaspberryPi-FreeRTOS-new/build/FreeRTOS/Source/portable/GCC/RaspberryPi/portisr.o
                0x00016638                ulCriticalNesting
 .data          0x0001663c        0x0 /home/pi/RaspberryPi-FreeRTOS-new/build/FreeRTOS/Source/croutine.o
 .data          0x0001663c        0x0 /home/pi/RaspberryPi-FreeRTOS-new/build/FreeRTOS/Source/list.o
 .data          0x0001663c        0x0 /home/pi/RaspberryPi-FreeRTOS-new/build/FreeRTOS/Source/queue.o
 .data          0x0001663c        0x4 /home/pi/RaspberryPi-FreeRTOS-new/build/FreeRTOS/Source/tasks.o
                0x0001663c                uxTopUsedPriority
 .data          0x00016640        0x0 /home/pi/RaspberryPi-FreeRTOS-new/build/Demo/Drivers/irq.o
 .data          0x00016640        0x0 /home/pi/RaspberryPi-FreeRTOS-new/build/Demo/Drivers/gpio.o
 .data          0x00016640        0x0 /home/pi/RaspberryPi-FreeRTOS-new/build//FreeRTOS/Source/portable/MemMang/heap_4.o
 .data          0x00016640        0x0 /home/pi/RaspberryPi-FreeRTOS-new/build/Demo/startup.o
 .data          0x00016640        0x4 /home/pi/RaspberryPi-FreeRTOS-new/build/Demo/main.o
 .data          0x00016644        0x0 /usr/lib/arm-none-eabi/lib/libc.a(lib_a-memcpy-stub.o)
 .data          0x00016644        0x0 /usr/lib/arm-none-eabi/lib/libc.a(lib_a-memset.o)

.igot.plt       0x00016644        0x0
 .igot.plt      0x00016644        0x0 /home/pi/RaspberryPi-FreeRTOS-new/build/FreeRTOS/Source/portable/GCC/RaspberryPi/port.o

.bss            0x00016644     0x1374
                0x00016644                __bss_start = .
 *(.bss)
 .bss           0x00016644        0x0 /home/pi/RaspberryPi-FreeRTOS-new/build/FreeRTOS/Source/portable/GCC/RaspberryPi/port.o
 .bss           0x00016644        0x4 /home/pi/RaspberryPi-FreeRTOS-new/build/FreeRTOS/Source/portable/GCC/RaspberryPi/portisr.o
                0x00016644                g_bStarted
 .bss           0x00016648        0x0 /home/pi/RaspberryPi-FreeRTOS-new/build/FreeRTOS/Source/croutine.o
 .bss           0x00016648        0x0 /home/pi/RaspberryPi-FreeRTOS-new/build/FreeRTOS/Source/list.o
 .bss           0x00016648        0x0 /home/pi/RaspberryPi-FreeRTOS-new/build/FreeRTOS/Source/queue.o
 .bss           0x00016648      0x104 /home/pi/RaspberryPi-FreeRTOS-new/build/FreeRTOS/Source/tasks.o
                0x00016648                pxCurrentTCB
 .bss           0x0001674c      0x24c /home/pi/RaspberryPi-FreeRTOS-new/build/Demo/Drivers/irq.o
 .bss           0x00016998        0x0 /home/pi/RaspberryPi-FreeRTOS-new/build/Demo/Drivers/gpio.o
 .bss           0x00016998     0x1020 /home/pi/RaspberryPi-FreeRTOS-new/build//FreeRTOS/Source/portable/MemMang/heap_4.o
 .bss           0x000179b8        0x0 /home/pi/RaspberryPi-FreeRTOS-new/build/Demo/startup.o
 .bss           0x000179b8        0x0 /home/pi/RaspberryPi-FreeRTOS-new/build/Demo/main.o
 .bss           0x000179b8        0x0 /usr/lib/arm-none-eabi/lib/libc.a(lib_a-memcpy-stub.o)
 .bss           0x000179b8        0x0 /usr/lib/arm-none-eabi/lib/libc.a(lib_a-memset.o)
 *(.bss.*)
                0x000179b8                __bss_end = .
                0x08010000                _estack = (ORIGIN (RAM) + LENGTH (RAM))
LOAD /usr/lib/gcc/arm-none-eabi/7.3.1/libgcc.a
LOAD /usr/lib/arm-none-eabi/lib/libc.a
OUTPUT(kernel.elf elf32-littlearm)

.debug_info     0x00000000     0x7359
 .debug_info    0x00000000      0x1fe /home/pi/RaspberryPi-FreeRTOS-new/build/FreeRTOS/Source/portable/GCC/RaspberryPi/port.o
 .debug_info    0x000001fe      0x1ae /home/pi/RaspberryPi-FreeRTOS-new/build/FreeRTOS/Source/portable/GCC/RaspberryPi/portisr.o
 .debug_info    0x000003ac       0x72 /home/pi/RaspberryPi-FreeRTOS-new/build/FreeRTOS/Source/croutine.o
 .debug_info    0x0000041e      0xaab /home/pi/RaspberryPi-FreeRTOS-new/build/FreeRTOS/Source/list.o
 .debug_info    0x00000ec9     0x1459 /home/pi/RaspberryPi-FreeRTOS-new/build/FreeRTOS/Source/queue.o
 .debug_info    0x00002322     0x1f60 /home/pi/RaspberryPi-FreeRTOS-new/build/FreeRTOS/Source/tasks.o
 .debug_info    0x00004282      0x2b4 /home/pi/RaspberryPi-FreeRTOS-new/build/Demo/Drivers/irq.o
 .debug_info    0x00004536      0x441 /home/pi/RaspberryPi-FreeRTOS-new/build/Demo/Drivers/gpio.o
 .debug_info    0x00004977      0xbfa /home/pi/RaspberryPi-FreeRTOS-new/build//FreeRTOS/Source/portable/MemMang/heap_4.o
 .debug_info    0x00005571      0x18b /home/pi/RaspberryPi-FreeRTOS-new/build/Demo/main.o
 .debug_info    0x000056fc      0xe3b /usr/lib/arm-none-eabi/lib/libc.a(lib_a-memcpy-stub.o)
 .debug_info    0x00006537      0xe22 /usr/lib/arm-none-eabi/lib/libc.a(lib_a-memset.o)

.debug_abbrev   0x00000000     0x1333
 .debug_abbrev  0x00000000      0x11f /home/pi/RaspberryPi-FreeRTOS-new/build/FreeRTOS/Source/portable/GCC/RaspberryPi/port.o
 .debug_abbrev  0x0000011f       0xd9 /home/pi/RaspberryPi-FreeRTOS-new/build/FreeRTOS/Source/portable/GCC/RaspberryPi/portisr.o
 .debug_abbrev  0x000001f8       0x26 /home/pi/RaspberryPi-FreeRTOS-new/build/FreeRTOS/Source/croutine.o
 .debug_abbrev  0x0000021e      0x202 /home/pi/RaspberryPi-FreeRTOS-new/build/FreeRTOS/Source/list.o
 .debug_abbrev  0x00000420      0x26b /home/pi/RaspberryPi-FreeRTOS-new/build/FreeRTOS/Source/queue.o
 .debug_abbrev  0x0000068b      0x31a /home/pi/RaspberryPi-FreeRTOS-new/build/FreeRTOS/Source/tasks.o
 .debug_abbrev  0x000009a5      0x12f /home/pi/RaspberryPi-FreeRTOS-new/build/Demo/Drivers/irq.o
 .debug_abbrev  0x00000ad4      0x14d /home/pi/RaspberryPi-FreeRTOS-new/build/Demo/Drivers/gpio.o
 .debug_abbrev  0x00000c21      0x270 /home/pi/RaspberryPi-FreeRTOS-new/build//FreeRTOS/Source/portable/MemMang/heap_4.o
 .debug_abbrev  0x00000e91       0xda /home/pi/RaspberryPi-FreeRTOS-new/build/Demo/main.o
 .debug_abbrev  0x00000f6b      0x1ea /usr/lib/arm-none-eabi/lib/libc.a(lib_a-memcpy-stub.o)
 .debug_abbrev  0x00001155      0x1de /usr/lib/arm-none-eabi/lib/libc.a(lib_a-memset.o)

.debug_aranges  0x00000000      0x178
 .debug_aranges
                0x00000000       0x20 /home/pi/RaspberryPi-FreeRTOS-new/build/FreeRTOS/Source/portable/GCC/RaspberryPi/port.o
 .debug_aranges
                0x00000020       0x20 /home/pi/RaspberryPi-FreeRTOS-new/build/FreeRTOS/Source/portable/GCC/RaspberryPi/portisr.o
 .debug_aranges
                0x00000040       0x18 /home/pi/RaspberryPi-FreeRTOS-new/build/FreeRTOS/Source/croutine.o
 .debug_aranges
                0x00000058       0x20 /home/pi/RaspberryPi-FreeRTOS-new/build/FreeRTOS/Source/list.o
 .debug_aranges
                0x00000078       0x20 /home/pi/RaspberryPi-FreeRTOS-new/build/FreeRTOS/Source/queue.o
 .debug_aranges
                0x00000098       0x20 /home/pi/RaspberryPi-FreeRTOS-new/build/FreeRTOS/Source/tasks.o
 .debug_aranges
                0x000000b8       0x20 /home/pi/RaspberryPi-FreeRTOS-new/build/Demo/Drivers/irq.o
 .debug_aranges
                0x000000d8       0x20 /home/pi/RaspberryPi-FreeRTOS-new/build/Demo/Drivers/gpio.o
 .debug_aranges
                0x000000f8       0x20 /home/pi/RaspberryPi-FreeRTOS-new/build//FreeRTOS/Source/portable/MemMang/heap_4.o
 .debug_aranges
                0x00000118       0x20 /home/pi/RaspberryPi-FreeRTOS-new/build/Demo/main.o
 .debug_aranges
                0x00000138       0x20 /usr/lib/arm-none-eabi/lib/libc.a(lib_a-memcpy-stub.o)
 .debug_aranges
                0x00000158       0x20 /usr/lib/arm-none-eabi/lib/libc.a(lib_a-memset.o)

.debug_line     0x00000000     0x18cb
 .debug_line    0x00000000      0x111 /home/pi/RaspberryPi-FreeRTOS-new/build/FreeRTOS/Source/portable/GCC/RaspberryPi/port.o
 .debug_line    0x00000111       0xb3 /home/pi/RaspberryPi-FreeRTOS-new/build/FreeRTOS/Source/portable/GCC/RaspberryPi/portisr.o
 .debug_line    0x000001c4       0x1d /home/pi/RaspberryPi-FreeRTOS-new/build/FreeRTOS/Source/croutine.o
 .debug_line    0x000001e1      0x1ce /home/pi/RaspberryPi-FreeRTOS-new/build/FreeRTOS/Source/list.o
 .debug_line    0x000003af      0x453 /home/pi/RaspberryPi-FreeRTOS-new/build/FreeRTOS/Source/queue.o
 .debug_line    0x00000802      0x866 /home/pi/RaspberryPi-FreeRTOS-new/build/FreeRTOS/Source/tasks.o
 .debug_line    0x00001068       0xb4 /home/pi/RaspberryPi-FreeRTOS-new/build/Demo/Drivers/irq.o
 .debug_line    0x0000111c       0xca /home/pi/RaspberryPi-FreeRTOS-new/build/Demo/Drivers/gpio.o
 .debug_line    0x000011e6      0x29e /home/pi/RaspberryPi-FreeRTOS-new/build//FreeRTOS/Source/portable/MemMang/heap_4.o
 .debug_line    0x00001484       0xd1 /home/pi/RaspberryPi-FreeRTOS-new/build/Demo/main.o
 .debug_line    0x00001555      0x1c7 /usr/lib/arm-none-eabi/lib/libc.a(lib_a-memcpy-stub.o)
 .debug_line    0x0000171c      0x1af /usr/lib/arm-none-eabi/lib/libc.a(lib_a-memset.o)

.debug_str      0x00000000     0x21e9
 .debug_str     0x00000000      0x20c /home/pi/RaspberryPi-FreeRTOS-new/build/FreeRTOS/Source/portable/GCC/RaspberryPi/port.o
                                0x258 (size before relaxing)
 .debug_str     0x0000020c       0xdd /home/pi/RaspberryPi-FreeRTOS-new/build/FreeRTOS/Source/portable/GCC/RaspberryPi/portisr.o
                                0x20b (size before relaxing)
 .debug_str     0x000002e9       0x3d /home/pi/RaspberryPi-FreeRTOS-new/build/FreeRTOS/Source/croutine.o
                                0x170 (size before relaxing)
 .debug_str     0x00000326      0x52f /home/pi/RaspberryPi-FreeRTOS-new/build/FreeRTOS/Source/list.o
                                0x694 (size before relaxing)
 .debug_str     0x00000855      0x489 /home/pi/RaspberryPi-FreeRTOS-new/build/FreeRTOS/Source/queue.o
                                0xa99 (size before relaxing)
 .debug_str     0x00000cde      0xa4c /home/pi/RaspberryPi-FreeRTOS-new/build/FreeRTOS/Source/tasks.o
                               0x1157 (size before relaxing)
 .debug_str     0x0000172a      0x154 /home/pi/RaspberryPi-FreeRTOS-new/build/Demo/Drivers/irq.o
                                0x223 (size before relaxing)
 .debug_str     0x0000187e      0x23a /home/pi/RaspberryPi-FreeRTOS-new/build/Demo/Drivers/gpio.o
                                0x317 (size before relaxing)
 .debug_str     0x00001ab8      0x2ea /home/pi/RaspberryPi-FreeRTOS-new/build//FreeRTOS/Source/portable/MemMang/heap_4.o
                                0x840 (size before relaxing)
 .debug_str     0x00001da2       0x54 /home/pi/RaspberryPi-FreeRTOS-new/build/Demo/main.o
                                0x21d (size before relaxing)
 .debug_str     0x00001df6      0x370 /usr/lib/arm-none-eabi/lib/libc.a(lib_a-memcpy-stub.o)
                                0x895 (size before relaxing)
 .debug_str     0x00002166       0x83 /usr/lib/arm-none-eabi/lib/libc.a(lib_a-memset.o)
                                0x870 (size before relaxing)

.comment        0x00000000       0xae
 .comment       0x00000000       0x57 /home/pi/RaspberryPi-FreeRTOS-new/build/FreeRTOS/Source/portable/GCC/RaspberryPi/port.o
                                 0x58 (size before relaxing)
 .comment       0x00000057       0x58 /home/pi/RaspberryPi-FreeRTOS-new/build/FreeRTOS/Source/portable/GCC/RaspberryPi/portisr.o
 .comment       0x00000057       0x58 /home/pi/RaspberryPi-FreeRTOS-new/build/FreeRTOS/Source/croutine.o
 .comment       0x00000057       0x58 /home/pi/RaspberryPi-FreeRTOS-new/build/FreeRTOS/Source/list.o
 .comment       0x00000057       0x58 /home/pi/RaspberryPi-FreeRTOS-new/build/FreeRTOS/Source/queue.o
 .comment       0x00000057       0x58 /home/pi/RaspberryPi-FreeRTOS-new/build/FreeRTOS/Source/tasks.o
 .comment       0x00000057       0x58 /home/pi/RaspberryPi-FreeRTOS-new/build/Demo/Drivers/irq.o
 .comment       0x00000057       0x58 /home/pi/RaspberryPi-FreeRTOS-new/build/Demo/Drivers/gpio.o
 .comment       0x00000057       0x58 /home/pi/RaspberryPi-FreeRTOS-new/build//FreeRTOS/Source/portable/MemMang/heap_4.o
 .comment       0x00000057       0x58 /home/pi/RaspberryPi-FreeRTOS-new/build/Demo/main.o
 .comment       0x00000057       0x57 /usr/lib/arm-none-eabi/lib/libc.a(lib_a-memcpy-stub.o)
                                 0x58 (size before relaxing)
 .comment       0x000000ae       0x58 /usr/lib/arm-none-eabi/lib/libc.a(lib_a-memset.o)

.ARM.attributes
                0x00000000       0x2c
 .ARM.attributes
                0x00000000       0x2e /home/pi/RaspberryPi-FreeRTOS-new/build/FreeRTOS/Source/portable/GCC/RaspberryPi/port.o
 .ARM.attributes
                0x0000002e       0x2e /home/pi/RaspberryPi-FreeRTOS-new/build/FreeRTOS/Source/portable/GCC/RaspberryPi/portisr.o
 .ARM.attributes
                0x0000005c       0x2e /home/pi/RaspberryPi-FreeRTOS-new/build/FreeRTOS/Source/croutine.o
 .ARM.attributes
                0x0000008a       0x2e /home/pi/RaspberryPi-FreeRTOS-new/build/FreeRTOS/Source/list.o
 .ARM.attributes
                0x000000b8       0x2e /home/pi/RaspberryPi-FreeRTOS-new/build/FreeRTOS/Source/queue.o
 .ARM.attributes
                0x000000e6       0x2e /home/pi/RaspberryPi-FreeRTOS-new/build/FreeRTOS/Source/tasks.o
 .ARM.attributes
                0x00000114       0x2e /home/pi/RaspberryPi-FreeRTOS-new/build/Demo/Drivers/irq.o
 .ARM.attributes
                0x00000142       0x2e /home/pi/RaspberryPi-FreeRTOS-new/build/Demo/Drivers/gpio.o
 .ARM.attributes
                0x00000170       0x2e /home/pi/RaspberryPi-FreeRTOS-new/build//FreeRTOS/Source/portable/MemMang/heap_4.o
 .ARM.attributes
                0x0000019e       0x12 /home/pi/RaspberryPi-FreeRTOS-new/build/Demo/startup.o
 .ARM.attributes
                0x000001b0       0x2e /home/pi/RaspberryPi-FreeRTOS-new/build/Demo/main.o
 .ARM.attributes
                0x000001de       0x30 /usr/lib/arm-none-eabi/lib/libc.a(lib_a-memcpy-stub.o)
 .ARM.attributes
                0x0000020e       0x30 /usr/lib/arm-none-eabi/lib/libc.a(lib_a-memset.o)

.debug_frame    0x00000000      0xf1c
 .debug_frame   0x00000000       0xa8 /home/pi/RaspberryPi-FreeRTOS-new/build/FreeRTOS/Source/portable/GCC/RaspberryPi/port.o
 .debug_frame   0x000000a8       0x90 /home/pi/RaspberryPi-FreeRTOS-new/build/FreeRTOS/Source/portable/GCC/RaspberryPi/portisr.o
 .debug_frame   0x00000138       0xb0 /home/pi/RaspberryPi-FreeRTOS-new/build/FreeRTOS/Source/list.o
 .debug_frame   0x000001e8      0x2d0 /home/pi/RaspberryPi-FreeRTOS-new/build/FreeRTOS/Source/queue.o
 .debug_frame   0x000004b8      0x668 /home/pi/RaspberryPi-FreeRTOS-new/build/FreeRTOS/Source/tasks.o
 .debug_frame   0x00000b20       0xf0 /home/pi/RaspberryPi-FreeRTOS-new/build/Demo/Drivers/irq.o
 .debug_frame   0x00000c10      0x110 /home/pi/RaspberryPi-FreeRTOS-new/build/Demo/Drivers/gpio.o
 .debug_frame   0x00000d20      0x114 /home/pi/RaspberryPi-FreeRTOS-new/build//FreeRTOS/Source/portable/MemMang/heap_4.o
 .debug_frame   0x00000e34       0x84 /home/pi/RaspberryPi-FreeRTOS-new/build/Demo/main.o
 .debug_frame   0x00000eb8       0x34 /usr/lib/arm-none-eabi/lib/libc.a(lib_a-memcpy-stub.o)
 .debug_frame   0x00000eec       0x30 /usr/lib/arm-none-eabi/lib/libc.a(lib_a-memset.o)

.debug_loc      0x00000000      0x3be
 .debug_loc     0x00000000      0x1be /usr/lib/arm-none-eabi/lib/libc.a(lib_a-memcpy-stub.o)
 .debug_loc     0x000001be      0x200 /usr/lib/arm-none-eabi/lib/libc.a(lib_a-memset.o)
